MPLINK 4.49, Linker
Linker Map File - Created Fri May 13 14:50:35 2016

                                 Section Info
                  Section       Type    Address   Location Size(Bytes)
                ---------  ---------  ---------  ---------  ---------
                   .org_0       code   0x000000    program   0x000000
                   .org_1       code   0x000000    program   0x00003c
       .config_2007_4_1.O       code   0x002007    program   0x000002



                              Program Memory Usage 
                               Start         End      
                           ---------   ---------      
                            0x000000    0x00001d      
                            0x002007    0x002007      
            31 out of 1094 program addresses used, program memory utilization is 2%



                              Symbols - Sorted by Name
                     Name    Address   Location    Storage File                     
                ---------  ---------  ---------  --------- ---------                
                    LOOP1   0x00000d    program     static C:\Pic\2016\4_1.asm      
                    LOOP2   0x000014    program     static C:\Pic\2016\4_1.asm      
                    LOOP3   0x00001a    program     static C:\Pic\2016\4_1.asm      
                     MAIN   0x000000    program     static C:\Pic\2016\4_1.asm      
                   MAINLP   0x000003    program     static C:\Pic\2016\4_1.asm      
                   TIME05   0x000018    program     static C:\Pic\2016\4_1.asm      
                 TIME100U   0x000009    program     static C:\Pic\2016\4_1.asm      
                  TIME10M   0x000010    program     static C:\Pic\2016\4_1.asm      



                              Symbols - Sorted by Address
                     Name    Address   Location    Storage File                     
                ---------  ---------  ---------  --------- ---------                
                     MAIN   0x000000    program     static C:\Pic\2016\4_1.asm      
                   MAINLP   0x000003    program     static C:\Pic\2016\4_1.asm      
                 TIME100U   0x000009    program     static C:\Pic\2016\4_1.asm      
                    LOOP1   0x00000d    program     static C:\Pic\2016\4_1.asm      
                  TIME10M   0x000010    program     static C:\Pic\2016\4_1.asm      
                    LOOP2   0x000014    program     static C:\Pic\2016\4_1.asm      
                   TIME05   0x000018    program     static C:\Pic\2016\4_1.asm      
                    LOOP3   0x00001a    program     static C:\Pic\2016\4_1.asm      


