MPASM  5.51                           4_2.ASM   5-16-2016  17:59:18         PAGE  1


LOC  OBJECT CODE     LINE SOURCE TEXT
  VALUE

                      00001                 LIST    P=PIC16F84A
                      00002                 INCLUDE "P16F84A.INC"
                      00001         LIST
                      00002 
                      00003 ;==========================================================================
                      00004 ;  MPASM PIC16F84A processor include
                      00005 ; 
                      00006 ;  (c) Copyright 1999-2013 Microchip Technology, All rights reserved
                      00007 ;==========================================================================
                      00008 
                      00208         LIST
                      00003                 
2007   3FFA           00004                 __CONFIG        _HS_OSC&_WDT_OFF
                      00005                 
  0000000C            00006 CNT1    EQU             0CH
  0000000D            00007 CNT2    EQU             0DH
  0000000E            00008 CNT3    EQU             0EH
                      00009 
0000                  00010                 ORG             0H
0000                  00011 MAIN
0000   1683           00012                 BSF             STATUS, RP0             
Message[302]: Register in operand not in bank 0.  Ensure that bank bits are correct.
0001   0186           00013                 CLRF    TRISB                   ;PortB -> Output
0002   1283           00014                 BCF             STATUS, RP0             
0003                  00015 MAIN1   
0003   0186           00016                 CLRF    PORTB                   ;00H -> PortB
0004   1003           00017                 BCF             STATUS, C               ;Carry -> Low
0005   1406           00018                 BSF             PORTB,  0               ;PortB0 -> 1
0006                  00019 MAINLP
0006   2023           00020                 CALL    TIME0125                        ;stay 0.125s    
0007   1B86           00021                 BTFSC   PORTB,  7               ;skip if(PortB7==1)     
0008   2803           00022                 GOTO    MAIN1           
0009   0D86           00023                 RLF             PORTB,  F               ;Rotate Left PortB ~ C -> PortB 
000A   2806           00024                 GOTO    MAINLP
                      00025 
                      00026 ;10
000B                  00027 TIME2U                  
000B   0000           00028                 NOP                                             
000C   0000           00029                 NOP
000D   0000           00030                 NOP                                             
000E   0000           00031                 NOP
000F   0000           00032                 NOP                                             
0010   0000           00033                 NOP
0011   0000           00034                 NOP                                             
0012   0000           00035                 NOP
0013   0008           00036                 RETURN
                      00037 
                      00038 ;10*250
0014                  00039 TIME5M 
0014   30A6           00040                 MOVLW   0A6H ;1c
0015   008C           00041                 MOVWF   CNT1 ;1c
0016   0000           00042                 NOP
0017   0000           00043                 NOP                                             
MPASM  5.51                           4_2.ASM   5-16-2016  17:59:18         PAGE  2


LOC  OBJECT CODE     LINE SOURCE TEXT
  VALUE

0018   0000           00044                 NOP
0019   0000           00045                 NOP                                             
001A   0000           00046                 NOP
001B   0000           00047                 NOP                                             
001C   0000           00048                 NOP
001D   0000           00049                 NOP                                             
001E   0000           00050                 NOP     
001F                  00051 LOOP1 
001F   200B           00052                 CALL    TIME2U          ;((y+2)*n = 125n +2n Å¶yÇÕTIMEyyÇÃÅyçáåvÉNÉçÉbÉNêîÅz
0020   0B8C           00053                 DECFSZ  CNT1,F          ;1*(n-1)+2*1  = n+1
0021   281F           00054                 GOTO    LOOP1           ;2(n-1)   =2n-2
0022   0008           00055                 RETURN                          ;2
                      00056 
                      00057 ;2500*250
0023                  00058 TIME0125 
0023   30FA           00059                 MOVLW   0FAH ;1c
0024   008D           00060                 MOVWF   CNT2 ;1c
                      00061 
0025                  00062 LOOP2 
0025   2014           00063                 CALL    TIME5M  ;((y+2)*n = 125n +2n Å¶yÇÕTIMEyyÇÃÅyçáåvÉNÉçÉbÉNêîÅz
0026   0B8D           00064                 DECFSZ  CNT2,F          ;1*(n-1)+2*1  = n+1
0027   2825           00065                 GOTO    LOOP2           ;2(n-1)   =2n-2
0028   0008           00066                 RETURN                          ;2
                      00067                 
                      00068 
                      00069                 END
MPASM  5.51                           4_2.ASM   5-16-2016  17:59:18         PAGE  3


SYMBOL TABLE
  LABEL                             VALUE 

C                                 00000000
CNT1                              0000000C
CNT2                              0000000D
CNT3                              0000000E
DC                                00000001
EEADR                             00000009
EECON1                            00000088
EECON2                            00000089
EEDATA                            00000008
EEIE                              00000006
EEIF                              00000004
F                                 00000001
FSR                               00000004
GIE                               00000007
INDF                              00000000
INTCON                            0000000B
INTE                              00000004
INTEDG                            00000006
INTF                              00000001
IRP                               00000007
LOOP1                             0000001F
LOOP2                             00000025
MAIN                              00000000
MAIN1                             00000003
MAINLP                            00000006
NOT_PD                            00000003
NOT_RBPU                          00000007
NOT_TO                            00000004
OPTION_REG                        00000081
PCL                               00000002
PCLATH                            0000000A
PORTA                             00000005
PORTB                             00000006
PS0                               00000000
PS1                               00000001
PS2                               00000002
PSA                               00000003
RA0                               00000000
RA1                               00000001
RA2                               00000002
RA3                               00000003
RA4                               00000004
RB0                               00000000
RB1                               00000001
RB2                               00000002
RB3                               00000003
RB4                               00000004
RB5                               00000005
RB6                               00000006
RB7                               00000007
RBIE                              00000003
RBIF                              00000000
RD                                00000000
MPASM  5.51                           4_2.ASM   5-16-2016  17:59:18         PAGE  4


SYMBOL TABLE
  LABEL                             VALUE 

RP0                               00000005
RP1                               00000006
STATUS                            00000003
T0CS                              00000005
T0IE                              00000005
T0IF                              00000002
T0SE                              00000004
TIME0125                          00000023
TIME2U                            0000000B
TIME5M                            00000014
TMR0                              00000001
TMR0IE                            00000005
TMR0IF                            00000002
TRISA                             00000085
TRISA0                            00000000
TRISA1                            00000001
TRISA2                            00000002
TRISA3                            00000003
TRISA4                            00000004
TRISB                             00000086
TRISB0                            00000000
TRISB1                            00000001
TRISB2                            00000002
TRISB3                            00000003
TRISB4                            00000004
TRISB5                            00000005
TRISB6                            00000006
TRISB7                            00000007
W                                 00000000
WR                                00000001
WREN                              00000002
WRERR                             00000003
Z                                 00000002
_CONFIG                           00002007
_CP_OFF                           00003FFF
_CP_ON                            0000000F
_DEVID1                           00002006
_FOSC_EXTRC                       00003FFF
_FOSC_HS                          00003FFE
_FOSC_LP                          00003FFC
_FOSC_XT                          00003FFD
_HS_OSC                           00003FFE
_IDLOC0                           00002000
_IDLOC1                           00002001
_IDLOC2                           00002002
_IDLOC3                           00002003
_LP_OSC                           00003FFC
_PWRTE_OFF                        00003FFF
_PWRTE_ON                         00003FF7
_RC_OSC                           00003FFF
_WDTE_OFF                         00003FFB
_WDTE_ON                          00003FFF
_WDT_OFF                          00003FFB
MPASM  5.51                           4_2.ASM   5-16-2016  17:59:18         PAGE  5


SYMBOL TABLE
  LABEL                             VALUE 

_WDT_ON                           00003FFF
_XT_OSC                           00003FFD
__16F84A                          00000001


MEMORY USAGE MAP ('X' = Used,  '-' = Unused)

0000 : XXXXXXXXXXXXXXXX XXXXXXXXXXXXXXXX XXXXXXXXX------- ----------------
2000 : -------X-------- ---------------- ---------------- ----------------

All other memory blocks unused.

Program Memory Words Used:    41
Program Memory Words Free:   983


Errors   :     0
Warnings :     0 reported,     0 suppressed
Messages :     1 reported,     0 suppressed

