MPLINK 4.49, Linker
Linker Map File - Created Mon May 16 17:59:19 2016

                                 Section Info
                  Section       Type    Address   Location Size(Bytes)
                ---------  ---------  ---------  ---------  ---------
                   .org_0       code   0x000000    program   0x000000
                   .org_1       code   0x000000    program   0x000052
       .config_2007_4_2.O       code   0x002007    program   0x000002



                              Program Memory Usage 
                               Start         End      
                           ---------   ---------      
                            0x000000    0x000028      
                            0x002007    0x002007      
            42 out of 1094 program addresses used, program memory utilization is 3%



                              Symbols - Sorted by Name
                     Name    Address   Location    Storage File                     
                ---------  ---------  ---------  --------- ---------                
                    LOOP1   0x00001f    program     static C:\Pic\2016\4_2.asm      
                    LOOP2   0x000025    program     static C:\Pic\2016\4_2.asm      
                     MAIN   0x000000    program     static C:\Pic\2016\4_2.asm      
                    MAIN1   0x000003    program     static C:\Pic\2016\4_2.asm      
                   MAINLP   0x000006    program     static C:\Pic\2016\4_2.asm      
                 TIME0125   0x000023    program     static C:\Pic\2016\4_2.asm      
                   TIME2U   0x00000b    program     static C:\Pic\2016\4_2.asm      
                   TIME5M   0x000014    program     static C:\Pic\2016\4_2.asm      



                              Symbols - Sorted by Address
                     Name    Address   Location    Storage File                     
                ---------  ---------  ---------  --------- ---------                
                     MAIN   0x000000    program     static C:\Pic\2016\4_2.asm      
                    MAIN1   0x000003    program     static C:\Pic\2016\4_2.asm      
                   MAINLP   0x000006    program     static C:\Pic\2016\4_2.asm      
                   TIME2U   0x00000b    program     static C:\Pic\2016\4_2.asm      
                   TIME5M   0x000014    program     static C:\Pic\2016\4_2.asm      
                    LOOP1   0x00001f    program     static C:\Pic\2016\4_2.asm      
                 TIME0125   0x000023    program     static C:\Pic\2016\4_2.asm      
                    LOOP2   0x000025    program     static C:\Pic\2016\4_2.asm      


