MPASM  5.51                         4_3_3.ASM   5-17-2016  17:46:04         PAGE  1


LOC  OBJECT CODE     LINE SOURCE TEXT
  VALUE

                      00001         LIST    P=PIC16F84A
                      00002         INCLUDE "P16F84A.INC"
                      00001         LIST
                      00002 
                      00003 ;==========================================================================
                      00004 ;  MPASM PIC16F84A processor include
                      00005 ; 
                      00006 ;  (c) Copyright 1999-2013 Microchip Technology, All rights reserved
                      00007 ;==========================================================================
                      00008 
                      00208         LIST
                      00003         
2007   3FFA           00004         __CONFIG        _HS_OSC & _WDT_OFF
                      00005         
  0000000C            00006 CNT1    EQU     0CH
  0000000D            00007 CNT2    EQU     0DH
  0000000E            00008 CNT3    EQU     0EH
                      00009         
0000                  00010         ORG     0H
0000                  00011 MAIN
0000   1683           00012         BSF     STATUS,         RP0     ;Bank 1
Message[302]: Register in operand not in bank 0.  Ensure that bank bits are correct.
0001   0185           00013         CLRF    TRISA           ;PortA->Output
Message[302]: Register in operand not in bank 0.  Ensure that bank bits are correct.
0002   0186           00014         CLRF    TRISB           ;PortB->Output
0003   1283           00015         BCF     STATUS, RP0     ;Bank 0 
0004   0185           00016         CLRF    PORTA           ;ALL PortA->Low
0005   0186           00017         CLRF    PORTB           ;ALL PortB->Low
0006                  00018 MAINA   
0006   3002           00019         MOVLW   B'00000010'     
0007   0085           00020         MOVWF   PORTA           
0008   2024           00021         CALL    TIME05          
0009   3001           00022         MOVLW   B'00000001'     
000A   0085           00023         MOVWF   PORTA           
000B   2024           00024         CALL    TIME05          
000C   0185           00025         CLRF    PORTA           
000D   3080           00026         MOVLW   B'10000000'     
000E   0086           00027         MOVWF   PORTB           
000F                  00028 MAINB
000F   2024           00029         CALL    TIME05          ;Stay 0.1sec
0010   1003           00030         BCF     STATUS, C               
0011   0C86           00031         RRF     PORTB,  F               
0012   1803           00032         BTFSC   STATUS, C       
0013   2806           00033         GOTO    MAINA           
0014   280F           00034         GOTO    MAINB           
                      00035                 
                      00036 ;100us(500count?~0.2us)         1+1+1+1+166+328+2=500
0015                  00037 TIME100U        
0015   30A5           00038         MOVLW   0A5H            ;1c     
0016   008C           00039         MOVWF   CNT1            ;1c     
0017   0000           00040         NOP                                     ;1c     
0018   0000           00041         NOP                                     ;1c
0019                  00042 LOOP1
MPASM  5.51                         4_3_3.ASM   5-17-2016  17:46:04         PAGE  2


LOC  OBJECT CODE     LINE SOURCE TEXT
  VALUE

0019   0B8C           00043         DECFSZ  CNT1,   F       ;1?~(165-1)+2?~1=166c
001A   2819           00044         GOTO    LOOP1           ;2?~(165-1)=328c
001B   0008           00045         RETURN                  ;2c
                      00046         
                      00047 ;10ms(50000count?~0.2us)                1+1+49698+100+198+2=50000
001C                  00048 TIME10M 
001C   3063           00049         MOVLW   063H            ;1c     
001D   008D           00050         MOVWF   CNT2            ;1c     
001E   0000           00051         NOP                                     ;1c
001F   0000           00052         NOP                                     ;1c
0020                  00053 LOOP2   
0020   2015           00054         CALL    TIME100U        ;(2c+500c)?~99=49698c
0021   0B8D           00055         DECFSZ  CNT2,   F       ;1?~(99-1)+2?~1=100c
0022   2820           00056         GOTO    LOOP2           ;2?~(99-1)=198c
0023   0008           00057         RETURN                          ;2c
                      00058                         
                      00059 ;500ms(10?~10ms)                        50000?~0.2u=10m
0024                  00060 TIME05
0024   300A           00061         MOVLW   00AH            
0025   008E           00062         MOVWF   CNT3            
0026                  00063 LOOP3
0026   201C           00064         CALL    TIME10M         ;50000c?~10=500000c
0027   0B8E           00065         DECFSZ  CNT3,   F       
0028   2826           00066         GOTO    LOOP3
0029   0008           00067         RETURN          
                      00068         
                      00069         END
MPASM  5.51                         4_3_3.ASM   5-17-2016  17:46:04         PAGE  3


SYMBOL TABLE
  LABEL                             VALUE 

C                                 00000000
CNT1                              0000000C
CNT2                              0000000D
CNT3                              0000000E
DC                                00000001
EEADR                             00000009
EECON1                            00000088
EECON2                            00000089
EEDATA                            00000008
EEIE                              00000006
EEIF                              00000004
F                                 00000001
FSR                               00000004
GIE                               00000007
INDF                              00000000
INTCON                            0000000B
INTE                              00000004
INTEDG                            00000006
INTF                              00000001
IRP                               00000007
LOOP1                             00000019
LOOP2                             00000020
LOOP3                             00000026
MAIN                              00000000
MAINA                             00000006
MAINB                             0000000F
NOT_PD                            00000003
NOT_RBPU                          00000007
NOT_TO                            00000004
OPTION_REG                        00000081
PCL                               00000002
PCLATH                            0000000A
PORTA                             00000005
PORTB                             00000006
PS0                               00000000
PS1                               00000001
PS2                               00000002
PSA                               00000003
RA0                               00000000
RA1                               00000001
RA2                               00000002
RA3                               00000003
RA4                               00000004
RB0                               00000000
RB1                               00000001
RB2                               00000002
RB3                               00000003
RB4                               00000004
RB5                               00000005
RB6                               00000006
RB7                               00000007
RBIE                              00000003
RBIF                              00000000
MPASM  5.51                         4_3_3.ASM   5-17-2016  17:46:04         PAGE  4


SYMBOL TABLE
  LABEL                             VALUE 

RD                                00000000
RP0                               00000005
RP1                               00000006
STATUS                            00000003
T0CS                              00000005
T0IE                              00000005
T0IF                              00000002
T0SE                              00000004
TIME05                            00000024
TIME100U                          00000015
TIME10M                           0000001C
TMR0                              00000001
TMR0IE                            00000005
TMR0IF                            00000002
TRISA                             00000085
TRISA0                            00000000
TRISA1                            00000001
TRISA2                            00000002
TRISA3                            00000003
TRISA4                            00000004
TRISB                             00000086
TRISB0                            00000000
TRISB1                            00000001
TRISB2                            00000002
TRISB3                            00000003
TRISB4                            00000004
TRISB5                            00000005
TRISB6                            00000006
TRISB7                            00000007
W                                 00000000
WR                                00000001
WREN                              00000002
WRERR                             00000003
Z                                 00000002
_CONFIG                           00002007
_CP_OFF                           00003FFF
_CP_ON                            0000000F
_DEVID1                           00002006
_FOSC_EXTRC                       00003FFF
_FOSC_HS                          00003FFE
_FOSC_LP                          00003FFC
_FOSC_XT                          00003FFD
_HS_OSC                           00003FFE
_IDLOC0                           00002000
_IDLOC1                           00002001
_IDLOC2                           00002002
_IDLOC3                           00002003
_LP_OSC                           00003FFC
_PWRTE_OFF                        00003FFF
_PWRTE_ON                         00003FF7
_RC_OSC                           00003FFF
_WDTE_OFF                         00003FFB
_WDTE_ON                          00003FFF
MPASM  5.51                         4_3_3.ASM   5-17-2016  17:46:04         PAGE  5


SYMBOL TABLE
  LABEL                             VALUE 

_WDT_OFF                          00003FFB
_WDT_ON                           00003FFF
_XT_OSC                           00003FFD
__16F84A                          00000001


MEMORY USAGE MAP ('X' = Used,  '-' = Unused)

0000 : XXXXXXXXXXXXXXXX XXXXXXXXXXXXXXXX XXXXXXXXXX------ ----------------
2000 : -------X-------- ---------------- ---------------- ----------------

All other memory blocks unused.

Program Memory Words Used:    42
Program Memory Words Free:   982


Errors   :     0
Warnings :     0 reported,     0 suppressed
Messages :     2 reported,     0 suppressed

