MPLINK 4.49, Linker
Linker Map File - Created Tue May 17 17:50:42 2016

                                 Section Info
                  Section       Type    Address   Location Size(Bytes)
                ---------  ---------  ---------  ---------  ---------
                   .org_0       code   0x000000    program   0x000000
                   .org_1       code   0x000000    program   0x000052
       .config_2007_5_1.O       code   0x002007    program   0x000002



                              Program Memory Usage 
                               Start         End      
                           ---------   ---------      
                            0x000000    0x000028      
                            0x002007    0x002007      
            42 out of 1094 program addresses used, program memory utilization is 3%



                              Symbols - Sorted by Name
                     Name    Address   Location    Storage File                     
                ---------  ---------  ---------  --------- ---------                
                    LOOP1   0x000018    program     static C:\Pic\2016\5_1.asm      
                    LOOP2   0x00001f    program     static C:\Pic\2016\5_1.asm      
                    LOOP3   0x000025    program     static C:\Pic\2016\5_1.asm      
                     MAIN   0x000000    program     static C:\Pic\2016\5_1.asm      
                    MAIN1   0x000003    program     static C:\Pic\2016\5_1.asm      
                    MAIN2   0x000004    program     static C:\Pic\2016\5_1.asm      
                   MAINLP   0x000007    program     static C:\Pic\2016\5_1.asm      
                   TIME01   0x000023    program     static C:\Pic\2016\5_1.asm      
                 TIME100U   0x000014    program     static C:\Pic\2016\5_1.asm      
                  TIME10M   0x00001b    program     static C:\Pic\2016\5_1.asm      



                              Symbols - Sorted by Address
                     Name    Address   Location    Storage File                     
                ---------  ---------  ---------  --------- ---------                
                     MAIN   0x000000    program     static C:\Pic\2016\5_1.asm      
                    MAIN1   0x000003    program     static C:\Pic\2016\5_1.asm      
                    MAIN2   0x000004    program     static C:\Pic\2016\5_1.asm      
                   MAINLP   0x000007    program     static C:\Pic\2016\5_1.asm      
                 TIME100U   0x000014    program     static C:\Pic\2016\5_1.asm      
                    LOOP1   0x000018    program     static C:\Pic\2016\5_1.asm      
                  TIME10M   0x00001b    program     static C:\Pic\2016\5_1.asm      
                    LOOP2   0x00001f    program     static C:\Pic\2016\5_1.asm      
                   TIME01   0x000023    program     static C:\Pic\2016\5_1.asm      
                    LOOP3   0x000025    program     static C:\Pic\2016\5_1.asm      


