MPASM  5.51                           6_1.ASM   6-17-2016  14:51:56         PAGE  1


LOC  OBJECT CODE     LINE SOURCE TEXT
  VALUE

                      00001                 LIST    P=PIC16F84A
                      00002                 #INCLUDE<P16F84A.INC>
                      00001         LIST
                      00002 
                      00003 ;==========================================================================
                      00004 ;  MPASM PIC16F84A processor include
                      00005 ; 
                      00006 ;  (c) Copyright 1999-2013 Microchip Technology, All rights reserved
                      00007 ;==========================================================================
                      00008 
                      00208         LIST
                      00003                 
2007   3FF2           00004                 __CONFIG        _HS_OSC&_CP_OFF&_WDT_OFF&_PWRTE_ON
                      00005                 
  0000000C            00006 W_TEMP          EQU             0CH
  0000000D            00007 STATUS_TEMP     EQU             0DH
  0000000E            00008 TMP                     EQU             0EH
                      00009 
0000                  00010                 ORG             0H
0000   280E           00011                 GOTO    MAIN
                      00012                 
0004                  00013                 ORG             04H
                      00014                 
                      00015 ;PUSH
0004   008C           00016                 MOVWF   W_TEMP
0005   0803           00017                 MOVF    STATUS,W
0006   008D           00018                 MOVWF   STATUS_TEMP
                      00019                 
0007   098E           00020                 COMF    TMP,F
                      00021 ;POP
0008   080D           00022                 MOVF    STATUS_TEMP,W
0009   0083           00023                 MOVWF   STATUS
000A   0E8C           00024                 SWAPF   W_TEMP,F
000B   0E0C           00025                 SWAPF   W_TEMP,W
000C   108B           00026                 BCF             INTCON,INTF
000D   0009           00027                 RETFIE
                      00028                 
                      00029 ;REMAINING CODE GOES HERE
000E                  00030 MAIN
000E   1683           00031                 BSF             STATUS,RP0
000F   138B           00032                 BCF             INTCON,GIE
Message[302]: Register in operand not in bank 0.  Ensure that bank bits are correct.
0010   0185           00033                 CLRF    TRISA
0011   30FF           00034                 MOVLW   0FFH
Message[302]: Register in operand not in bank 0.  Ensure that bank bits are correct.
0012   0086           00035                 MOVWF   TRISB
0013   1283           00036                 BCF             STATUS,RP0
0014   178B           00037                 BSF             INTCON,GIE
0015   160B           00038                 BSF             INTCON,INTE
0016   0185           00039                 CLRF    PORTA
0017   018E           00040                 CLRF    TMP
                      00041                 
0018                  00042 LOOP
MPASM  5.51                           6_1.ASM   6-17-2016  14:51:56         PAGE  2


LOC  OBJECT CODE     LINE SOURCE TEXT
  VALUE

0018   080E           00043                 MOVF    TMP,W
0019   0085           00044                 MOVWF   PORTA
001A   2818           00045                 GOTO    LOOP
                      00046                 
                      00047                 END
MPASM  5.51                           6_1.ASM   6-17-2016  14:51:56         PAGE  3


SYMBOL TABLE
  LABEL                             VALUE 

C                                 00000000
DC                                00000001
EEADR                             00000009
EECON1                            00000088
EECON2                            00000089
EEDATA                            00000008
EEIE                              00000006
EEIF                              00000004
F                                 00000001
FSR                               00000004
GIE                               00000007
INDF                              00000000
INTCON                            0000000B
INTE                              00000004
INTEDG                            00000006
INTF                              00000001
IRP                               00000007
LOOP                              00000018
MAIN                              0000000E
NOT_PD                            00000003
NOT_RBPU                          00000007
NOT_TO                            00000004
OPTION_REG                        00000081
PCL                               00000002
PCLATH                            0000000A
PORTA                             00000005
PORTB                             00000006
PS0                               00000000
PS1                               00000001
PS2                               00000002
PSA                               00000003
RA0                               00000000
RA1                               00000001
RA2                               00000002
RA3                               00000003
RA4                               00000004
RB0                               00000000
RB1                               00000001
RB2                               00000002
RB3                               00000003
RB4                               00000004
RB5                               00000005
RB6                               00000006
RB7                               00000007
RBIE                              00000003
RBIF                              00000000
RD                                00000000
RP0                               00000005
RP1                               00000006
STATUS                            00000003
STATUS_TEMP                       0000000D
T0CS                              00000005
T0IE                              00000005
MPASM  5.51                           6_1.ASM   6-17-2016  14:51:56         PAGE  4


SYMBOL TABLE
  LABEL                             VALUE 

T0IF                              00000002
T0SE                              00000004
TMP                               0000000E
TMR0                              00000001
TMR0IE                            00000005
TMR0IF                            00000002
TRISA                             00000085
TRISA0                            00000000
TRISA1                            00000001
TRISA2                            00000002
TRISA3                            00000003
TRISA4                            00000004
TRISB                             00000086
TRISB0                            00000000
TRISB1                            00000001
TRISB2                            00000002
TRISB3                            00000003
TRISB4                            00000004
TRISB5                            00000005
TRISB6                            00000006
TRISB7                            00000007
W                                 00000000
WR                                00000001
WREN                              00000002
WRERR                             00000003
W_TEMP                            0000000C
Z                                 00000002
_CONFIG                           00002007
_CP_OFF                           00003FFF
_CP_ON                            0000000F
_DEVID1                           00002006
_FOSC_EXTRC                       00003FFF
_FOSC_HS                          00003FFE
_FOSC_LP                          00003FFC
_FOSC_XT                          00003FFD
_HS_OSC                           00003FFE
_IDLOC0                           00002000
_IDLOC1                           00002001
_IDLOC2                           00002002
_IDLOC3                           00002003
_LP_OSC                           00003FFC
_PWRTE_OFF                        00003FFF
_PWRTE_ON                         00003FF7
_RC_OSC                           00003FFF
_WDTE_OFF                         00003FFB
_WDTE_ON                          00003FFF
_WDT_OFF                          00003FFB
_WDT_ON                           00003FFF
_XT_OSC                           00003FFD
__16F84A                          00000001
MPASM  5.51                           6_1.ASM   6-17-2016  14:51:56         PAGE  5


MEMORY USAGE MAP ('X' = Used,  '-' = Unused)


0000 : X---XXXXXXXXXXXX XXXXXXXXXXX----- ---------------- ----------------
2000 : -------X-------- ---------------- ---------------- ----------------

All other memory blocks unused.

Program Memory Words Used:    24
Program Memory Words Free:  1000


Errors   :     0
Warnings :     0 reported,     0 suppressed
Messages :     2 reported,     0 suppressed

