MPLINK 4.49, Linker
Linker Map File - Created Fri Jul 01 15:38:34 2016

                                 Section Info
                  Section       Type    Address   Location Size(Bytes)
                ---------  ---------  ---------  ---------  ---------
                   .org_0       code   0x000000    program   0x000000
                   .org_1       code   0x000000    program   0x000002
                   .org_2       code   0x000004    program   0x0000f4
       .config_2007_6_2.O       code   0x002007    program   0x000002



                              Program Memory Usage 
                               Start         End      
                           ---------   ---------      
                            0x000000    0x000000      
                            0x000004    0x00007d      
                            0x002007    0x002007      
            124 out of 1094 program addresses used, program memory utilization is 11%



                              Symbols - Sorted by Name
                     Name    Address   Location    Storage File                     
                ---------  ---------  ---------  --------- ---------                
                     BCDC   0x00002a    program     static C:\Pic\2016\6_2.asm      
                   BCDC_2   0x000030    program     static C:\Pic\2016\6_2.asm      
                   BCDC_3   0x00003e    program     static C:\Pic\2016\6_2.asm      
                   BCDC_4   0x000044    program     static C:\Pic\2016\6_2.asm      
                   BCDC_5   0x00004b    program     static C:\Pic\2016\6_2.asm      
                   BCDC_6   0x000038    program     static C:\Pic\2016\6_2.asm      
                     LOOP   0x00007c    program     static C:\Pic\2016\6_2.asm      
                     MAIN   0x00006e    program     static C:\Pic\2016\6_2.asm      
                      OST   0x00004c    program     static C:\Pic\2016\6_2.asm      
                   OUTPUT   0x000065    program     static C:\Pic\2016\6_2.asm      
                     OVER   0x000013    program     static C:\Pic\2016\6_2.asm      
                    UNDER   0x00001f    program     static C:\Pic\2016\6_2.asm      
                   UNDER2   0x000023    program     static C:\Pic\2016\6_2.asm      
                      UST   0x000057    program     static C:\Pic\2016\6_2.asm      
                     WAIT   0x00006b    program     static C:\Pic\2016\6_2.asm      



                              Symbols - Sorted by Address
                     Name    Address   Location    Storage File                     
                ---------  ---------  ---------  --------- ---------                
                     OVER   0x000013    program     static C:\Pic\2016\6_2.asm      
                    UNDER   0x00001f    program     static C:\Pic\2016\6_2.asm      
                   UNDER2   0x000023    program     static C:\Pic\2016\6_2.asm      
                     BCDC   0x00002a    program     static C:\Pic\2016\6_2.asm      
                   BCDC_2   0x000030    program     static C:\Pic\2016\6_2.asm      
                   BCDC_6   0x000038    program     static C:\Pic\2016\6_2.asm      
                   BCDC_3   0x00003e    program     static C:\Pic\2016\6_2.asm      
                   BCDC_4   0x000044    program     static C:\Pic\2016\6_2.asm      
                   BCDC_5   0x00004b    program     static C:\Pic\2016\6_2.asm      
                      OST   0x00004c    program     static C:\Pic\2016\6_2.asm      
                      UST   0x000057    program     static C:\Pic\2016\6_2.asm      
                   OUTPUT   0x000065    program     static C:\Pic\2016\6_2.asm      
                     WAIT   0x00006b    program     static C:\Pic\2016\6_2.asm      
                     MAIN   0x00006e    program     static C:\Pic\2016\6_2.asm      
                     LOOP   0x00007c    program     static C:\Pic\2016\6_2.asm      


