MPLINK 4.49, Linker
Linker Map File - Created Wed Nov 09 10:20:16 2016

                                 Section Info
                  Section       Type    Address   Location Size(Bytes)
                ---------  ---------  ---------  ---------  ---------
                   .org_0       code   0x000000    program   0x000000
                   .org_1       code   0x000000    program   0x000002
                   .org_2       code   0x000004    program   0x000088
       .config_2007_9_2.O       code   0x002007    program   0x000002



                              Program Memory Usage 
                               Start         End      
                           ---------   ---------      
                            0x000000    0x000000      
                            0x000004    0x000047      
                            0x002007    0x002007      
            70 out of 1094 program addresses used, program memory utilization is 6%



                              Symbols - Sorted by Name
                     Name    Address   Location    Storage File                     
                ---------  ---------  ---------  --------- ---------                
                    CSEND   0x000032    program     static C:\Pic\2016\9_2.asm      
                  CSENDLP   0x000037    program     static C:\Pic\2016\9_2.asm      
                    LOOP2   0x000044    program     static C:\Pic\2016\9_2.asm      
                     MAIN   0x000028    program     static C:\Pic\2016\9_2.asm      
                   MAINLP   0x000031    program     static C:\Pic\2016\9_2.asm      
                  TIME104   0x000042    program     static C:\Pic\2016\9_2.asm      



                              Symbols - Sorted by Address
                     Name    Address   Location    Storage File                     
                ---------  ---------  ---------  --------- ---------                
                     MAIN   0x000028    program     static C:\Pic\2016\9_2.asm      
                   MAINLP   0x000031    program     static C:\Pic\2016\9_2.asm      
                    CSEND   0x000032    program     static C:\Pic\2016\9_2.asm      
                  CSENDLP   0x000037    program     static C:\Pic\2016\9_2.asm      
                  TIME104   0x000042    program     static C:\Pic\2016\9_2.asm      
                    LOOP2   0x000044    program     static C:\Pic\2016\9_2.asm      


