MPLINK 4.49, Linker
Linker Map File - Created Tue Nov 15 17:00:24 2016

                                 Section Info
                  Section       Type    Address   Location Size(Bytes)
                ---------  ---------  ---------  ---------  ---------
                   .org_0       code   0x000000    program   0x000000
                   .org_1       code   0x000000    program   0x000002
                   .org_2       code   0x000004    program   0x000066
       .config_2007_9_3.O       code   0x002007    program   0x000002



                              Program Memory Usage 
                               Start         End      
                           ---------   ---------      
                            0x000000    0x000000      
                            0x000004    0x000036      
                            0x002007    0x002007      
            53 out of 1094 program addresses used, program memory utilization is 4%



                              Symbols - Sorted by Name
                     Name    Address   Location    Storage File                     
                ---------  ---------  ---------  --------- ---------                
                    CRECV   0x00001d    program     static C:\Pic\2016\9_3.asm      
                  CRECVLP   0x000021    program     static C:\Pic\2016\9_3.asm      
                    LOOP1   0x00002d    program     static C:\Pic\2016\9_3.asm      
                    LOOP2   0x000033    program     static C:\Pic\2016\9_3.asm      
                     MAIN   0x00000f    program     static C:\Pic\2016\9_3.asm      
                   MAINLP   0x000018    program     static C:\Pic\2016\9_3.asm      
                  TIME104   0x000031    program     static C:\Pic\2016\9_3.asm      
                  TIME156   0x00002b    program     static C:\Pic\2016\9_3.asm      



                              Symbols - Sorted by Address
                     Name    Address   Location    Storage File                     
                ---------  ---------  ---------  --------- ---------                
                     MAIN   0x00000f    program     static C:\Pic\2016\9_3.asm      
                   MAINLP   0x000018    program     static C:\Pic\2016\9_3.asm      
                    CRECV   0x00001d    program     static C:\Pic\2016\9_3.asm      
                  CRECVLP   0x000021    program     static C:\Pic\2016\9_3.asm      
                  TIME156   0x00002b    program     static C:\Pic\2016\9_3.asm      
                    LOOP1   0x00002d    program     static C:\Pic\2016\9_3.asm      
                  TIME104   0x000031    program     static C:\Pic\2016\9_3.asm      
                    LOOP2   0x000033    program     static C:\Pic\2016\9_3.asm      


