MPLINK 4.49, Linker
Linker Map File - Created Tue Nov 15 17:32:49 2016

                                 Section Info
                  Section       Type    Address   Location Size(Bytes)
                ---------  ---------  ---------  ---------  ---------
                   .org_0       code   0x000000    program   0x000000
                   .org_1       code   0x000000    program   0x000002
                   .org_2       code   0x000004    program   0x0000a2
       .config_2007_9_4.O       code   0x002007    program   0x000002



                              Program Memory Usage 
                               Start         End      
                           ---------   ---------      
                            0x000000    0x000000      
                            0x000004    0x000054      
                            0x002007    0x002007      
            83 out of 1094 program addresses used, program memory utilization is 7%



                              Symbols - Sorted by Name
                     Name    Address   Location    Storage File                     
                ---------  ---------  ---------  --------- ---------                
                    CRECV   0x000020    program     static C:\Pic\2016\9_4.asm      
                  CRECVLP   0x000024    program     static C:\Pic\2016\9_4.asm      
                    LOOP1   0x00004b    program     static C:\Pic\2016\9_4.asm      
                    LOOP2   0x000051    program     static C:\Pic\2016\9_4.asm      
                     MAIN   0x000011    program     static C:\Pic\2016\9_4.asm      
                   MAINLP   0x00001b    program     static C:\Pic\2016\9_4.asm      
                      NO0   0x00003d    program     static C:\Pic\2016\9_4.asm      
                      NO1   0x000040    program     static C:\Pic\2016\9_4.asm      
                      NO2   0x000043    program     static C:\Pic\2016\9_4.asm      
                      NO3   0x000046    program     static C:\Pic\2016\9_4.asm      
                  SET_LED   0x00002e    program     static C:\Pic\2016\9_4.asm      
                  TIME104   0x00004f    program     static C:\Pic\2016\9_4.asm      
                  TIME156   0x000049    program     static C:\Pic\2016\9_4.asm      



                              Symbols - Sorted by Address
                     Name    Address   Location    Storage File                     
                ---------  ---------  ---------  --------- ---------                
                     MAIN   0x000011    program     static C:\Pic\2016\9_4.asm      
                   MAINLP   0x00001b    program     static C:\Pic\2016\9_4.asm      
                    CRECV   0x000020    program     static C:\Pic\2016\9_4.asm      
                  CRECVLP   0x000024    program     static C:\Pic\2016\9_4.asm      
                  SET_LED   0x00002e    program     static C:\Pic\2016\9_4.asm      
                      NO0   0x00003d    program     static C:\Pic\2016\9_4.asm      
                      NO1   0x000040    program     static C:\Pic\2016\9_4.asm      
                      NO2   0x000043    program     static C:\Pic\2016\9_4.asm      
                      NO3   0x000046    program     static C:\Pic\2016\9_4.asm      
                  TIME156   0x000049    program     static C:\Pic\2016\9_4.asm      
                    LOOP1   0x00004b    program     static C:\Pic\2016\9_4.asm      
                  TIME104   0x00004f    program     static C:\Pic\2016\9_4.asm      
                    LOOP2   0x000051    program     static C:\Pic\2016\9_4.asm      


